{
  "Headers": [
    "foo",
    "bar",
    "bla"
  ],
  "Lines": [
    {
      "Cells": [
        "85",
        "85",
        "85"
      ]
    },
    {
      "Cells": [
        "86",
        "86",
        "86"
      ]
    },
    {
      "Cells": [
        "87",
        "87",
        "87"
      ]
    },
    {
      "Cells": [
        "88",
        "88",
        "88"
      ]
    },
    {
      "Cells": [
        "89",
        "89",
        "89"
      ]
    }
  ],
  "TotalLines": 100
}
